[13:00:04] [INIT] KubeJS 2101.7.2-build.377; MC 2101 NeoForge
[13:00:04] [INIT] Loaded plugins:
[13:00:04] [INIT] - dev.latvian.mods.kubejs.plugin.builtin.BuiltinKubeJSPlugin
[13:00:04] [INIT] - dev.latvian.mods.kubejs.plugin.builtin.BuiltinKubeJSClientPlugin
[13:00:04] [INIT] - dev.latvian.mods.kubejs.integration.architectury.ArchitecturyIntegration
[13:00:04] [INIT] - moe.wolfgirl.probejs.plugin.ProbeJSKJSPlugin
[13:00:04] [INIT] - com.sammy.malum.compat.kubejs.MalumJSPlugin
[13:00:04] [INIT] - dev.latvian.mods.kubejs.create.KubeJSCreatePlugin
[13:00:04] [INFO] Loaded script server_scripts:death_recall.js in 0.001 s
[13:00:04] [INFO] Loaded script server_scripts:death_scroll_recipe.js in 0.001 s
[13:00:04] [INFO] server_scripts:main.js#2: Hello, World! (Loaded server example script)
[13:00:04] [INFO] Loaded script server_scripts:main.js in 0.001 s
[13:00:04] [INFO] Loaded 3/3 KubeJS server scripts in 0.011 s with 0 errors and 0 warnings
[13:00:05] [INFO] Processing recipes...
[13:00:05] [INFO] Initializing recipe event...
[13:00:05] [WARN] KubeRecipe.java#90: Failed to parse recipe 'malum:spirit_repair/flint_restoration[malum:spirit_repair]'! Falling back to vanilla: Failed to read required component 'validItems: registry_element<item>[]' - java.lang.IllegalStateException: Failed to get element farmersdelight:flint_knife
[13:00:05] [WARN] KubeRecipe.java#90: Failed to parse recipe 'malum:spirit_repair/iron_restoration[malum:spirit_repair]'! Falling back to vanilla: Failed to read required component 'validItems: registry_element<item>[]' - java.lang.IllegalStateException: Failed to get element farmersdelight:iron_knife
[13:00:05] [WARN] KubeRecipe.java#90: Failed to parse recipe 'malum:spirit_repair/diamond_restoration[malum:spirit_repair]'! Falling back to vanilla: Failed to read required component 'validItems: registry_element<item>[]' - java.lang.IllegalStateException: Failed to get element farmersdelight:diamond_knife
[13:00:05] [WARN] KubeRecipe.java#90: Failed to parse recipe 'malum:spirit_repair/gold_restoration[malum:spirit_repair]'! Falling back to vanilla: Failed to read required component 'validItems: registry_element<item>[]' - java.lang.IllegalStateException: Failed to get element farmersdelight:golden_knife
[13:00:05] [WARN] KubeRecipe.java#90: Failed to parse recipe 'malum:spirit_repair/netherite_restoration[malum:spirit_repair]'! Falling back to vanilla: Failed to read required component 'validItems: registry_element<item>[]' - java.lang.IllegalStateException: Failed to get element farmersdelight:netherite_knife
[13:00:05] [WARN] KubeRecipe.java#90: Failed to parse recipe 'malum:create/milling/grim_talc[create:milling]'! Falling back to vanilla: Failed to read required component 'results: either<fluid_stack, create:processing_output>[]' - java.lang.IllegalStateException: Failed to parse either. First: No key amount in MapLike[{"chance":0.25,"count":4,"item":"minecraft:bone_meal"}]; No key id in MapLike[{"chance":0.25,"count":4,"item":"minecraft:bone_meal"}]; Second: No key id in MapLike[{"chance":0.25,"count":4,"item":"minecraft:bone_meal"}]; Failed to parse either. First: No key amount in MapLike[{"chance":0.25,"item":"minecraft:yellow_dye"}]; No key id in MapLike[{"chance":0.25,"item":"minecraft:yellow_dye"}]; Second: No key id in MapLike[{"chance":0.25,"item":"minecraft:yellow_dye"}]; Failed to parse either. First: No key amount in MapLike[{"count":6,"item":"minecraft:bone_meal"}]; No key id in MapLike[{"count":6,"item":"minecraft:bone_meal"}]; Second: No key id in MapLike[{"count":6,"item":"minecraft:bone_meal"}]
[13:00:05] [INFO] Found 4,834 recipes (skipped 924) in 215.2 ms
[13:00:05] [INFO] Posted recipe events in 14 ms
[13:00:05] [INFO] KubeJS modifications to recipe manager finished in 9.356 ms
[13:00:05] [INFO] Added 1 recipes, removed 0 recipes, modified 0 recipes, with 0 failed recipes taking 322 ms in total
[13:00:08] [INFO] Server resource reload complete!
[13:00:09] [ERROR] ! death_recall.js#4: Error in 'PlayerEvents.loggedIn': dev.latvian.mods.rhino.EcmaError: TypeError: Cannot find function getTag in object 0 minecraft:air.
